[www.qqe2.com/index.html]
[backblue.gif]
[fade.gif]
[index.html]
[www.qqe2.com/app-min.css]
[www.qqe2.com/asset/jsoneditor/jsoneditor.min.css]
[www.qqe2.com/asset/jsoneditor/jsoneditor.min.js]
[www.qqe2.com/asset/ace/ace.js]
[www.qqe2.com/app-min.js]
[www.qqe2.com/img/logo.png]
[cpro.baidustatic.com/cpro/ui/c.js]
[www.qqe2.com/asset/jsonlint/jsonlint.js]
[www.qqe2.com/index.html]
[www.qqe2.com/img/header_background.png]
[www.qqe2.com/asset/jsoneditor/img/jsoneditor-icons.png]
[www.qqe2.com/app-min.css]
[hm.baidu.com/hm236f.js]
[www.qqe2.com/asset/jsoneditor/jsoneditor.min.css]
[www.qqe2.com/asset/jsoneditor/jsoneditor.min.js]
[www.qqe2.com/asset/ace/ace.js]
[www.qqe2.com/app-min.js]
[cpro.baidustatic.com/cpro/ui/noexpire/img/2.0.0/xuantingClose.png]
[cpro.baidustatic.com/cpro/ui/noexpire/img/clb/1.0.0/close.gif]
[cpro.baidustatic.com/cpro/ui/c.js]
[www.qqe2.com/asset/jsonlint/jsonlint.js]
[www.qqe2.com/Ctrl-/index.html]
[www.qqe2.com/Command-/index.html]
[www.qqe2.com/Ctrl-Shift-/index.html]
[www.qqe2.com/Command-Shift-/index.html]
[www.qqe2.com/GET.html]
[www.qqe2.com/ace/worker/worker.html]
[www.qqe2.com/WebKit/index.html]
[www.qqe2.com/Chrome/index.html]
[www.qqe2.com/noexpire/img/2.0.1/xuanfu_close.html]
[eclick.baidu.com/fcb9890.jpg]
